................................................................................
........................................LBB.....................................
.......................................BLBLL....................................
...............................L.LLLLLBLBLLLLL..................................
.............................LBBBLLLLLLBBBBLBLLL................................
............................LBLLBLBBBLLLBBBBBBBLBL..............................
..........................LLBBLBBLBBLLBBBBLLLBBBLLL.............................
..........................LLBLBBBLBBBBBBBBBBLLBBBLLL............................
.........................LLLBBBBBLBBBBLBBBBBBBLLLBLLB...........................
........................LLLLLBBBBBBBBBBBBBBLBBBLLBLLL...........................
........................LLBBBBLBBBBBBBBBLBBLBLBBLBLLLLL.........................
........................BBBBBBBBBBBLLBBBBBBBBLLBBBBLLBL.........................
........................LBBBBBBBLLBLBBBBBBBBLLBBBBBBLBLL........................
........................LLLBBBBBBBBLBBBBBLLBLLBBBBLLBBLL........................
........................LLBBBBBBBBLBLBBBBBBBLBBBBBBLBBLB........................
.........................BLLBBBBBBBBLBBBBBBLBBBLBBBBLBLL........................
..........................LBBBBBBBBBBBBBBBLLBBBBLBBBBBLL........................
..........................BBBBLBLBBBBBBBBBLBBBBBLBBBBLB.........................
...........................BBBBBLBBLBLBBBBBBLBBBBBBBBLL.........................
...........................LBBBLLLLBBBBBLBBLBBLLBBBBBL..........................
............................BBLLLLLBBBBBLLLLBBLLLLBBB...........................
...........................LBBLLLBBBBBBLLLLBBBBBLLBBL...........................
..........................LLLBLLLLLLBBBLLLBBLLLLLLBB............................
..........................BLLBLLLBLLLBBLLLBBLLLLLLBLL...........................
..........................BLLBLLLBBBBBBLLLBBBLLBLLLLB...........................
...........................LBLLLLLBBBBLLLLLBBBBLLLBLL...........................
...........................LLLLLLLLBLLLLLLLLBBLLLLBL............................
...........................LLLLLLLLLLLBLLLLLLLLLLLLL............................
...........................LLLLLLLLLLLLLLLLLLLLLLLLL............................
............................LBLLLLLLLBBBBBLLLLLLLLLL............................
..............................LLLLLLLLBBBLLLLLLLLBB.............................
..............................LLLLLLLLLLLLLLLLLLLL..............................
..............................LLLLLLLLBBLLLLLLLLL...............................
...............................LLLLLBLLLLLLBLLLLL...............................
...............................BLLLLLLBLLLLLLLLLL...............................
..............................LBBBBLLLBBBLLLLLLLL...............................
.............................BLBLBBBLLLLLLLLLLBBLL..............................
.............................BBBLBBBBLLLLLLLBBLBBL..............................
............................LBLBBLBBBBBBLLLBBLLBLB..............................
...........................LLBLBBBBBBBBBBBBBLLBLLBL.............................
..........................LLLBLLBBBBBBBBBBBLLBLLLBLL............................
.......................LBLLLBBBBBLLBBBBBBLLLLLBBLBBLLL..........................
.....................LLLLLLBBBLBBBLLLBBBBBBLLBBLBBBBLLBL........................
...................BLLLBLLBBBBBBBBBBBBLLLLBBBBLLBBBBBLLLLLBL....................
.................LLLLBBLLBBBBBLLBBBBBBBBBBBBBLLBBBBBBBLLBLLLLL..................
.............LBLLLLBBBBLLBBLBBBBLBBBBBBBBBBBBBBLBBBLBBBLBBBLLLLLLL..............
...........LBLLLBBBBBBBBLLLBBBBBLLBBBBBBBBBBBLLLBBBLLBLLBBBBBBBLLLBB............
.........BLLLLBBBBBBBBBBLLBBBBBBBBLLLBBBBBLLLBBLBBBBLLLBBBBBBBBBBLLLLLL.........
........LLLBBBBBBBBBBBLLBBBBBBBBLBBBBBLLLLBBBBBLBBBBBBLLBBBBBBBBBBBBBLLL........
........LBBBBBBBBBBBBLBBBBBBBBBBBLBBBBBBBBBBBBLBBBBBBBBBLLBBBBBBBBBBBBBL........
.......LLBLBBBBBBBBBBLBBBBBBBBLBBLBBBBBBBBBBBLBBBBBBBBBBBLBBBBBBBBBBBBLL........
.......LLBLBBBBBBBBBBLBBBBBBBBLBBBLBBBBBBBBBBBBBBBBBBBBBBLBBBBBBBBBBBLBLL.......
.......LLBLBBBBBLBBBBLBBBBBBBBBBBBLBBBBBBBBBBBBBLBBBBBBBBLBBBLBBBBBBBLBBB.......
......LLBBLBBBBLBBBBBLBBBBBBBBLBBBLLBBBBBBBBBBBBLBBBBBBBBLBBBLBBBBBBLBBBL.......
......LLBBLLBBBLBBBBBLLBBBBBBBBBBBBLBBBBBBBBBBBBLBBBBBBBBBBBBLLBBBBBLBBLL.......
......LLBBBLBBLBBBBBBBLBBBBBBBLBBBBLLBBBBBBBBBBBLBBBBBBBLBBBBBLBBBBBLBBLLB......
.....LLLBBBLBBBBBLLBBBLBBBBBBBLBBBBBLBBBBBBBBBBBLBBBBBBBLBBBBBLBBBBLBBLLLL......
.....LLBBBBLBBBBBLLLBBLBBBBBBBLBLBBBLBBBBBBBBBBBLBBBBBBBLBBBBBLBBBBLBBLLBL......
.....LLBBBBBLBBBLLBLBBBBBBBBBBLBLBBBBLBBBBBBBBBLLBBBBBBLLBBBBBLBBBBLBBLBBLL.....
....LLLBBBBBLBBBLLBLLBBLBBBBBBLBBLBBBBBBBBBBBBBLBBBBBBBLBBBBBBBLBBBLBLBBLLL.....
....BLLBLLBBBBBBLLBBLBBLBBBBBBLBBLBBBBBBBBBBBBBLBBBBBBBLBBBBBBBLBBLBBBBLLLL.....
....LLBBBLLBBBBBBBLBBBBLBBBBBBLBBBBBBBBBBBBBBBBLBBBBBBBLBBBBBBBLBBLBBBLLBBLB....
....LLBBBBBLBBLLLLLLLLLLLBBBBBLBBBLBBBBBBBBBBBBLBBBBBBLBBBBBBBBLBBBBBLLBBLLB....
...LLLBBBBLBBBLBBBBBBBBLLBBBBBLBBBLBBBBBBBBBBBBLBBBBBBLBBBBBBBBLBBBBLBBBBLLL....
...LLLLLBBLLBBLBBBBBBBBBLBBBBBLBBBLBBBBBBBBBBBBLBBBBBBLBBBBBBBBLBBLBBBBBLBLLL...
...LLBLLLBBBBBLBBBBBBBBBLBBBBBLBBBBLBBBBBBBBBBLLBBBBBBBBBBBBBBBLBBBBBBBBBBBLL...
..LLBBBBBBLLBBLLLLLLLLLBBBBBBBLBBBBLLBBBBBBBBBLLBBBBBLBBBBBBBBBBLBBBBBBBLBBBL...
..LLBBBBBBBLBBLLBBBBBBBBBLBBBBLBBBBBLBBBBBBBBBLBBBBBBLBBBBBBBBBBLBBBBBBLLBBBL...
